// Vitest Snapshot v1, https://vitest.dev/guide/snapshot.html

exports[`useTrackTitle > keeps the line breaks of every real title 1`] = `
{
  "Cierre de temporada": "Cierre de temporada",
  "De aquellos días de verano": " De aquellos días<br/>de verano",
  "De bodas, bautizos y comuniones": " De bodas, bautizos<br/>y comuniones",
  "De cambiar de aires": "De cambiar de aires",
  "De decir te quiero y gracias": " De decir te quiero<br/>y gracias",
  "De la Navidad y otros compromisos": " De la Navidad<br/>y otros compromisos",
  "De la banalización del arte": " De la banalización<br/>del arte",
  "De la creatividad": "De la creatividad",
  "De la culpa": "De la culpa",
  "De la inteligencia artificial": " De la inteligencia<br/>artificial",
  "De la mentira y el autoengaño": " De la mentira<br/>y el autoengaño",
  "De la psicología del miedo": " De la psicología<br/>del miedo",
  "De la soledad": "De la soledad",
  "De la vejez y las arrugas": " De la vejez<br/>y las arrugas",
  "De las expectativas": "De las expectativas",
  "De las raíces y la identidad": " De las raíces<br/>y la identidad",
  "De las redes sociales": "De las redes sociales",
  "De las tradiciones": "De las tradiciones",
  "De libros": "De libros",
  "De lo que creemos; de lo que creímos": " De lo que creemos;<br/>de lo que creímos",
  "De lo satisfactorio de hacer el humor": " De lo satisfactorio<br/>de hacer el humor",
  "De los comienzos": "De los comienzos",
  "De los pequeños placeres de la vida": " De los pequeños<br/>placeres de la vida",
  "De nuestra visión de los demás": " De nuestra visión<br/>de los demás",
  "De nuestra visión de nosotros mismos": " De nuestra visión<br/>de nosotros mismos",
  "De propósitos, objetivos y hábitos": " De propósitos,<br/>objetivos y hábitos",
  "De redefinir el éxito": "De redefinir el éxito",
  "De saber cambiar de opinión": " De saber cambiar<br/>de opinión",
  "De trabajos y aficiones": " De trabajos<br/>y aficiones",
  "De volver a los orígenes": " De volver<br/>a los orígenes",
  "Del amor y la amistad": "Del amor y la amistad",
  "Del carisma y el caer bien": " Del carisma<br/>y el caer bien",
  "Del concepto de fracaso": " Del concepto<br/>de fracaso",
  "Del dinero": "Del dinero",
  "Del futuro": "Del futuro",
  "Del lenguaje y sus misterios": " Del lenguaje<br/>y sus misterios",
  "Del optimismo": "Del optimismo",
  "Del perfeccionismo": "Del perfeccionismo",
  "Del peso de la presión social": " Del peso de<br/>la presión social",
  "Esto es... CEBRAS DE PASO": "Esto es...<br />CEBRAS DE PASO",
  "Guia per sobreviure a una festa valenciana": " Guia per sobreviure<br/>a una festa valenciana",
  "Lo de leer El Principito": " Lo de leer<br/>El Principito",
  "Lo de los días del confinamiento": " Lo de los días<br/>del confinamiento",
  "Lo del monólogo interior": " Lo del monólogo<br/>interior",
}
`;
